############################################## 
   Kerberos Installation CDP 
##############################################

Note - while deploying Add Ranger service too and spread on masters 

connect DN => hdfs dfs -mkdir /data => permission denied due to dfs.permissions
export HADOOP_USER_NAME=hdfs => bypass the permission 
 
## Install kerberos KDC and Admin server 
## On Cm host install kdc and admin server 

$ sudo apt-get install -y rng-tools  //Allowing to create randomisation on cluster 
 
$ sudo apt install krb5-kdc krb5-admin-server   
 
For realm give : HADOOP.COM   //Realm name always should be in Uppercase
Kerberos server for your realm : <private-dns-of-cm> 
 
$ sudo krb5_newrealm    //realm initialized and pass for database set KDC
 
## Check the krb5.conf 
nano /etc/krb5.conf     //[realms]  HADOOP.COM = 1.Realm Name 2.kdc? 3.Admin Server
 
## Check kdc.conf for kdc configurations 
 
sudo nano /usr/share/doc/krb5-kdc/examples/kdc.conf   //Rest all configurations.
Uncomment - supported encryption type = aes256-cts aes128-cts
 
sudo /etc/init.d/krb5-admin-server restart 

## Connect to Admin server
$ kadmin => connects on pvt-DNS
$ sudo kadmin.local  //production recommended run only on kdc host 
addprinc cm/admin 
quit

 
sudo nano /etc/krb5kdc/kadm5.acl     // cm/admin priciple responsible to create priciples for other services
cm/admin@HADOOP.COM        *        //All permission
 
sudo /etc/init.d/krb5-admin-server restart 
 
sudo kadmin.local 
addprinc user1 
 
 
## Intall kerberos clients 
 
sudo apt-get install krb5-user -y 
<Do on all host worker>

## initialize TGT
$ kinit -p user1
$ klist

 
# Go to CM Manager Enable kerberos
1.MIT KDC
2.aes256-cts
3.pvt-dns of adminserver and kdc cluster generally on CM
3.max renewable life 7
4.cm/admin - pass => kdc manager credentials
## Select aes256-cts as algorithm type 
 
# check on DN 
hdfs dfs -mkdir /data
export HADDOP_USER_NAME=hdfs

// not run asking for TGT now

## Create a principal for hdfs superuser om CM host 
 
sudo kadmin.local 
addprinc hdfs@HADOOP.com 
 
## Create principal for other users 
 
addprinc usera 
addprinc userb 
addprinc user2 
addprinc userc 
 
 
## Kerberos Commands 
 
-> Adding principal 
addprinc prinname 
 
-> Deleting Principal 
delprinc princname 
 
-> Listing all principals 
listprincs 

-> Getting information about a particular principal 
getprinc princname 
 
-> Change password for particular principal 
cpw princname 


## Creating and using keytab files 
## kdc server CM host
--* Create principal and its keytab *-- 
 
$ sudo kadmin.local 
 
addprinc user2 
 
xst -kt /tmp/user2.keytab user2@HADOOP.COM 
 
  
--* Send keytab files to user DN *-- 
 
$ sudo chmod a+r /tmp/user2.keytab 
 
$ scp -i <key.pem> /tmp/user2.keytab ubuntu@<pvt-dns>:~
 
 
--* Authenticate using keytab *-- 
 
$ chmod 600 user2.keytab 
 
$ kinit -kt user1.keytab user1 
 
$ klist 
 
 
 